// Jest Snapshot v1, https://goo.gl/fbAQLP

exports[`Navigation existence 1`] = `
<nav
  className="styles__Navigation-jtlJPV cBzXIH"
>
  <a
    className="styles__StyledLink-fQRpCn hjmkrl"
    href="/"
    onClick={[Function]}
  >
    Home
  </a>
   | 
  <a
    className="styles__StyledLink-fQRpCn hjmkrl"
    href="/style"
    onClick={[Function]}
  >
    Styleguide
  </a>
</nav>
`;
